Archive member included to satisfy reference by file (symbol)

/home/kds/avr8/bin/../lib/gcc/avr/7.3.0/avr51/libgcc.a(_exit.o)
                              /home/kds/avr8/bin/../lib/gcc/avr/7.3.0/../../../../avr/lib/avr51/crtatmega128a.o (exit)
/home/kds/avr8/bin/../lib/gcc/avr/7.3.0/avr51/libgcc.a(_copy_data.o)
                              /tmp/cciAIhah.ltrans0.ltrans.o (__do_copy_data)
/home/kds/avr8/bin/../lib/gcc/avr/7.3.0/avr51/libgcc.a(_clear_bss.o)
                              /tmp/cciAIhah.ltrans0.ltrans.o (__do_clear_bss)
/home/kds/avr8/bin/../lib/gcc/avr/7.3.0/../../../../avr/lib/avr51/libc.a(sprintf.o)
                              /tmp/cciAIhah.ltrans0.ltrans.o (sprintf)
/home/kds/avr8/bin/../lib/gcc/avr/7.3.0/../../../../avr/lib/avr51/libc.a(vfprintf_std.o)
                              /home/kds/avr8/bin/../lib/gcc/avr/7.3.0/../../../../avr/lib/avr51/libc.a(sprintf.o) (vfprintf)
/home/kds/avr8/bin/../lib/gcc/avr/7.3.0/../../../../avr/lib/avr51/libc.a(strnlen_P.o)
                              /home/kds/avr8/bin/../lib/gcc/avr/7.3.0/../../../../avr/lib/avr51/libc.a(vfprintf_std.o) (strnlen_P)
/home/kds/avr8/bin/../lib/gcc/avr/7.3.0/../../../../avr/lib/avr51/libc.a(strnlen.o)
                              /home/kds/avr8/bin/../lib/gcc/avr/7.3.0/../../../../avr/lib/avr51/libc.a(vfprintf_std.o) (strnlen)
/home/kds/avr8/bin/../lib/gcc/avr/7.3.0/../../../../avr/lib/avr51/libc.a(fputc.o)
                              /home/kds/avr8/bin/../lib/gcc/avr/7.3.0/../../../../avr/lib/avr51/libc.a(vfprintf_std.o) (fputc)
/home/kds/avr8/bin/../lib/gcc/avr/7.3.0/../../../../avr/lib/avr51/libc.a(ultoa_invert.o)
                              /home/kds/avr8/bin/../lib/gcc/avr/7.3.0/../../../../avr/lib/avr51/libc.a(vfprintf_std.o) (__ultoa_invert)

Allocating common symbols
Common symbol       size              file

inputBuffer         0x64              CMakeFiles/atmega128a.elf.dir/src/driver/uart0.c.obj (symbol from plugin)
buff                0x32              CMakeFiles/atmega128a.elf.dir/src/ap.c.obj (symbol from plugin)
I2C_LCD_Data        0x1               CMakeFiles/atmega128a.elf.dir/src/driver/i2c_lcd.c.obj (symbol from plugin)

Discarded input sections

 .data          0x0000000000000000        0x0 /home/kds/avr8/bin/../lib/gcc/avr/7.3.0/../../../../avr/lib/avr51/crtatmega128a.o
 .bss           0x0000000000000000        0x0 /home/kds/avr8/bin/../lib/gcc/avr/7.3.0/../../../../avr/lib/avr51/crtatmega128a.o
 .text          0x0000000000000000        0x0 CMakeFiles/atmega128a.elf.dir/main.c.obj (symbol from plugin)
 .data          0x0000000000000000        0x0 /tmp/cciAIhah.ltrans0.ltrans.o
 .text          0x0000000000000000        0x0 CMakeFiles/atmega128a.elf.dir/src/ap.c.obj (symbol from plugin)
 .text          0x0000000000000000        0x0 CMakeFiles/atmega128a.elf.dir/src/driver/button.c.obj (symbol from plugin)
 .text          0x0000000000000000        0x0 CMakeFiles/atmega128a.elf.dir/src/driver/i2c.c.obj (symbol from plugin)
 .text          0x0000000000000000        0x0 CMakeFiles/atmega128a.elf.dir/src/driver/i2c_lcd.c.obj (symbol from plugin)
 .text          0x0000000000000000        0x0 CMakeFiles/atmega128a.elf.dir/src/driver/led.c.obj (symbol from plugin)
 .text          0x0000000000000000        0x0 CMakeFiles/atmega128a.elf.dir/src/driver/pwm16.c.obj (symbol from plugin)
 .text          0x0000000000000000        0x0 CMakeFiles/atmega128a.elf.dir/src/driver/pwm8.c.obj (symbol from plugin)
 .text          0x0000000000000000        0x0 CMakeFiles/atmega128a.elf.dir/src/driver/uart0.c.obj (symbol from plugin)
 .text          0x0000000000000000        0x0 /home/kds/avr8/bin/../lib/gcc/avr/7.3.0/avr51/libgcc.a(_exit.o)
 .data          0x0000000000000000        0x0 /home/kds/avr8/bin/../lib/gcc/avr/7.3.0/avr51/libgcc.a(_exit.o)
 .bss           0x0000000000000000        0x0 /home/kds/avr8/bin/../lib/gcc/avr/7.3.0/avr51/libgcc.a(_exit.o)
 .text.libgcc.mul
                0x0000000000000000        0x0 /home/kds/avr8/bin/../lib/gcc/avr/7.3.0/avr51/libgcc.a(_exit.o)
 .text.libgcc.div
                0x0000000000000000        0x0 /home/kds/avr8/bin/../lib/gcc/avr/7.3.0/avr51/libgcc.a(_exit.o)
 .text.libgcc   0x0000000000000000        0x0 /home/kds/avr8/bin/../lib/gcc/avr/7.3.0/avr51/libgcc.a(_exit.o)
 .text.libgcc.prologue
                0x0000000000000000        0x0 /home/kds/avr8/bin/../lib/gcc/avr/7.3.0/avr51/libgcc.a(_exit.o)
 .text.libgcc.builtins
                0x0000000000000000        0x0 /home/kds/avr8/bin/../lib/gcc/avr/7.3.0/avr51/libgcc.a(_exit.o)
 .text.libgcc.fmul
                0x0000000000000000        0x0 /home/kds/avr8/bin/../lib/gcc/avr/7.3.0/avr51/libgcc.a(_exit.o)
 .text.libgcc.fixed
                0x0000000000000000        0x0 /home/kds/avr8/bin/../lib/gcc/avr/7.3.0/avr51/libgcc.a(_exit.o)
 .text          0x0000000000000000        0x0 /home/kds/avr8/bin/../lib/gcc/avr/7.3.0/avr51/libgcc.a(_copy_data.o)
 .data          0x0000000000000000        0x0 /home/kds/avr8/bin/../lib/gcc/avr/7.3.0/avr51/libgcc.a(_copy_data.o)
 .bss           0x0000000000000000        0x0 /home/kds/avr8/bin/../lib/gcc/avr/7.3.0/avr51/libgcc.a(_copy_data.o)
 .text.libgcc.mul
                0x0000000000000000        0x0 /home/kds/avr8/bin/../lib/gcc/avr/7.3.0/avr51/libgcc.a(_copy_data.o)
 .text.libgcc.div
                0x0000000000000000        0x0 /home/kds/avr8/bin/../lib/gcc/avr/7.3.0/avr51/libgcc.a(_copy_data.o)
 .text.libgcc   0x0000000000000000        0x0 /home/kds/avr8/bin/../lib/gcc/avr/7.3.0/avr51/libgcc.a(_copy_data.o)
 .text.libgcc.prologue
                0x0000000000000000        0x0 /home/kds/avr8/bin/../lib/gcc/avr/7.3.0/avr51/libgcc.a(_copy_data.o)
 .text.libgcc.builtins
                0x0000000000000000        0x0 /home/kds/avr8/bin/../lib/gcc/avr/7.3.0/avr51/libgcc.a(_copy_data.o)
 .text.libgcc.fmul
                0x0000000000000000        0x0 /home/kds/avr8/bin/../lib/gcc/avr/7.3.0/avr51/libgcc.a(_copy_data.o)
 .text.libgcc.fixed
                0x0000000000000000        0x0 /home/kds/avr8/bin/../lib/gcc/avr/7.3.0/avr51/libgcc.a(_copy_data.o)
 .text          0x0000000000000000        0x0 /home/kds/avr8/bin/../lib/gcc/avr/7.3.0/avr51/libgcc.a(_clear_bss.o)
 .data          0x0000000000000000        0x0 /home/kds/avr8/bin/../lib/gcc/avr/7.3.0/avr51/libgcc.a(_clear_bss.o)
 .bss           0x0000000000000000        0x0 /home/kds/avr8/bin/../lib/gcc/avr/7.3.0/avr51/libgcc.a(_clear_bss.o)
 .text.libgcc.mul
                0x0000000000000000        0x0 /home/kds/avr8/bin/../lib/gcc/avr/7.3.0/avr51/libgcc.a(_clear_bss.o)
 .text.libgcc.div
                0x0000000000000000        0x0 /home/kds/avr8/bin/../lib/gcc/avr/7.3.0/avr51/libgcc.a(_clear_bss.o)
 .text.libgcc   0x0000000000000000        0x0 /home/kds/avr8/bin/../lib/gcc/avr/7.3.0/avr51/libgcc.a(_clear_bss.o)
 .text.libgcc.prologue
                0x0000000000000000        0x0 /home/kds/avr8/bin/../lib/gcc/avr/7.3.0/avr51/libgcc.a(_clear_bss.o)
 .text.libgcc.builtins
                0x0000000000000000        0x0 /home/kds/avr8/bin/../lib/gcc/avr/7.3.0/avr51/libgcc.a(_clear_bss.o)
 .text.libgcc.fmul
                0x0000000000000000        0x0 /home/kds/avr8/bin/../lib/gcc/avr/7.3.0/avr51/libgcc.a(_clear_bss.o)
 .text.libgcc.fixed
                0x0000000000000000        0x0 /home/kds/avr8/bin/../lib/gcc/avr/7.3.0/avr51/libgcc.a(_clear_bss.o)
 .text          0x0000000000000000        0x0 /home/kds/avr8/bin/../lib/gcc/avr/7.3.0/../../../../avr/lib/avr51/libc.a(sprintf.o)
 .data          0x0000000000000000        0x0 /home/kds/avr8/bin/../lib/gcc/avr/7.3.0/../../../../avr/lib/avr51/libc.a(sprintf.o)
 .bss           0x0000000000000000        0x0 /home/kds/avr8/bin/../lib/gcc/avr/7.3.0/../../../../avr/lib/avr51/libc.a(sprintf.o)
 .text          0x0000000000000000        0x0 /home/kds/avr8/bin/../lib/gcc/avr/7.3.0/../../../../avr/lib/avr51/libc.a(vfprintf_std.o)
 .data          0x0000000000000000        0x0 /home/kds/avr8/bin/../lib/gcc/avr/7.3.0/../../../../avr/lib/avr51/libc.a(vfprintf_std.o)
 .bss           0x0000000000000000        0x0 /home/kds/avr8/bin/../lib/gcc/avr/7.3.0/../../../../avr/lib/avr51/libc.a(vfprintf_std.o)
 .text          0x0000000000000000        0x0 /home/kds/avr8/bin/../lib/gcc/avr/7.3.0/../../../../avr/lib/avr51/libc.a(strnlen_P.o)
 .data          0x0000000000000000        0x0 /home/kds/avr8/bin/../lib/gcc/avr/7.3.0/../../../../avr/lib/avr51/libc.a(strnlen_P.o)
 .bss           0x0000000000000000        0x0 /home/kds/avr8/bin/../lib/gcc/avr/7.3.0/../../../../avr/lib/avr51/libc.a(strnlen_P.o)
 .text          0x0000000000000000        0x0 /home/kds/avr8/bin/../lib/gcc/avr/7.3.0/../../../../avr/lib/avr51/libc.a(strnlen.o)
 .data          0x0000000000000000        0x0 /home/kds/avr8/bin/../lib/gcc/avr/7.3.0/../../../../avr/lib/avr51/libc.a(strnlen.o)
 .bss           0x0000000000000000        0x0 /home/kds/avr8/bin/../lib/gcc/avr/7.3.0/../../../../avr/lib/avr51/libc.a(strnlen.o)
 .text          0x0000000000000000        0x0 /home/kds/avr8/bin/../lib/gcc/avr/7.3.0/../../../../avr/lib/avr51/libc.a(fputc.o)
 .data          0x0000000000000000        0x0 /home/kds/avr8/bin/../lib/gcc/avr/7.3.0/../../../../avr/lib/avr51/libc.a(fputc.o)
 .bss           0x0000000000000000        0x0 /home/kds/avr8/bin/../lib/gcc/avr/7.3.0/../../../../avr/lib/avr51/libc.a(fputc.o)
 .text          0x0000000000000000        0x0 /home/kds/avr8/bin/../lib/gcc/avr/7.3.0/../../../../avr/lib/avr51/libc.a(ultoa_invert.o)
 .data          0x0000000000000000        0x0 /home/kds/avr8/bin/../lib/gcc/avr/7.3.0/../../../../avr/lib/avr51/libc.a(ultoa_invert.o)
 .bss           0x0000000000000000        0x0 /home/kds/avr8/bin/../lib/gcc/avr/7.3.0/../../../../avr/lib/avr51/libc.a(ultoa_invert.o)

Memory Configuration

Name             Origin             Length             Attributes
text             0x0000000000000000 0x0000000000020000 xr
data             0x0000000000800100 0x0000000000001000 rw !x
eeprom           0x0000000000810000 0x0000000000001000 rw !x
fuse             0x0000000000820000 0x0000000000000003 rw !x
lock             0x0000000000830000 0x0000000000000400 rw !x
signature        0x0000000000840000 0x0000000000000400 rw !x
user_signatures  0x0000000000850000 0x0000000000000400 rw !x
*default*        0x0000000000000000 0xffffffffffffffff

Linker script and memory map

Address of section .data set to 0x800100
LOAD /home/kds/avr8/bin/../lib/gcc/avr/7.3.0/../../../../avr/lib/avr51/crtatmega128a.o
LOAD /home/kds/avr8/bin/../lib/gcc/avr/7.3.0/../../../../avr/lib/avr51/libm.a
LOAD CMakeFiles/atmega128a.elf.dir/main.c.obj
LOAD /tmp/cciAIhah.ltrans0.ltrans.o
LOAD CMakeFiles/atmega128a.elf.dir/src/ap.c.obj
LOAD CMakeFiles/atmega128a.elf.dir/src/driver/button.c.obj
LOAD CMakeFiles/atmega128a.elf.dir/src/driver/i2c.c.obj
LOAD CMakeFiles/atmega128a.elf.dir/src/driver/i2c_lcd.c.obj
LOAD CMakeFiles/atmega128a.elf.dir/src/driver/led.c.obj
LOAD CMakeFiles/atmega128a.elf.dir/src/driver/pwm16.c.obj
LOAD CMakeFiles/atmega128a.elf.dir/src/driver/pwm8.c.obj
LOAD CMakeFiles/atmega128a.elf.dir/src/driver/uart0.c.obj
START GROUP
LOAD /home/kds/avr8/bin/../lib/gcc/avr/7.3.0/avr51/libgcc.a
LOAD /home/kds/avr8/bin/../lib/gcc/avr/7.3.0/../../../../avr/lib/avr51/libm.a
LOAD /home/kds/avr8/bin/../lib/gcc/avr/7.3.0/../../../../avr/lib/avr51/libc.a
LOAD /home/kds/avr8/bin/../lib/gcc/avr/7.3.0/../../../../avr/lib/avr51/libatmega128a.a
END GROUP
                [0x0000000000000000]                __TEXT_REGION_ORIGIN__ = DEFINED (__TEXT_REGION_ORIGIN__)?__TEXT_REGION_ORIGIN__:0x0
                [0x0000000000800100]                __DATA_REGION_ORIGIN__ = DEFINED (__DATA_REGION_ORIGIN__)?__DATA_REGION_ORIGIN__:0x800100
                [0x0000000000020000]                __TEXT_REGION_LENGTH__ = DEFINED (__TEXT_REGION_LENGTH__)?__TEXT_REGION_LENGTH__:0x20000
                [0x0000000000001000]                __DATA_REGION_LENGTH__ = DEFINED (__DATA_REGION_LENGTH__)?__DATA_REGION_LENGTH__:0xff00
                [0x0000000000001000]                __EEPROM_REGION_LENGTH__ = DEFINED (__EEPROM_REGION_LENGTH__)?__EEPROM_REGION_LENGTH__:0x10000
                [0x0000000000000003]                __FUSE_REGION_LENGTH__ = DEFINED (__FUSE_REGION_LENGTH__)?__FUSE_REGION_LENGTH__:0x400
                0x0000000000000400                __LOCK_REGION_LENGTH__ = DEFINED (__LOCK_REGION_LENGTH__)?__LOCK_REGION_LENGTH__:0x400
                0x0000000000000400                __SIGNATURE_REGION_LENGTH__ = DEFINED (__SIGNATURE_REGION_LENGTH__)?__SIGNATURE_REGION_LENGTH__:0x400
                0x0000000000000400                __USER_SIGNATURE_REGION_LENGTH__ = DEFINED (__USER_SIGNATURE_REGION_LENGTH__)?__USER_SIGNATURE_REGION_LENGTH__:0x400

.hash
 *(.hash)

.dynsym
 *(.dynsym)

.dynstr
 *(.dynstr)

.gnu.version
 *(.gnu.version)

.gnu.version_d
 *(.gnu.version_d)

.gnu.version_r
 *(.gnu.version_r)

.rel.init
 *(.rel.init)

.rela.init
 *(.rela.init)

.rel.text
 *(.rel.text)
 *(.rel.text.*)
 *(.rel.gnu.linkonce.t*)

.rela.text
 *(.rela.text)
 *(.rela.text.*)
 *(.rela.gnu.linkonce.t*)

.rel.fini
 *(.rel.fini)

.rela.fini
 *(.rela.fini)

.rel.rodata
 *(.rel.rodata)
 *(.rel.rodata.*)
 *(.rel.gnu.linkonce.r*)

.rela.rodata
 *(.rela.rodata)
 *(.rela.rodata.*)
 *(.rela.gnu.linkonce.r*)

.rel.data
 *(.rel.data)
 *(.rel.data.*)
 *(.rel.gnu.linkonce.d*)

.rela.data
 *(.rela.data)
 *(.rela.data.*)
 *(.rela.gnu.linkonce.d*)

.rel.ctors
 *(.rel.ctors)

.rela.ctors
 *(.rela.ctors)

.rel.dtors
 *(.rel.dtors)

.rela.dtors
 *(.rela.dtors)

.rel.got
 *(.rel.got)

.rela.got
 *(.rela.got)

.rel.bss
 *(.rel.bss)

.rela.bss
 *(.rela.bss)

.rel.plt
 *(.rel.plt)

.rela.plt
 *(.rela.plt)

.text           0x0000000000000000      0x9d4
 *(.vectors)
 .vectors       0x0000000000000000       0x8c /home/kds/avr8/bin/../lib/gcc/avr/7.3.0/../../../../avr/lib/avr51/crtatmega128a.o
                0x0000000000000000                __vectors
                0x0000000000000000                __vector_default
 *(.vectors)
 *(.progmem.gcc*)
                0x000000000000008c                . = ALIGN (0x2)
                0x000000000000008c                __trampolines_start = .
 *(.trampolines)
 .trampolines   0x000000000000008c        0x0 linker stubs
 *(.trampolines*)
                0x000000000000008c                __trampolines_end = .
 *libprintf_flt.a:*(.progmem.data)
 *libc.a:*(.progmem.data)
 *(.progmem*)
                0x000000000000008c                . = ALIGN (0x2)
 *(.jumptables)
 *(.jumptables*)
 *(.lowtext)
 *(.lowtext*)
                0x000000000000008c                __ctors_start = .
 *(.ctors)
                0x000000000000008c                __ctors_end = .
                0x000000000000008c                __dtors_start = .
 *(.dtors)
                0x000000000000008c                __dtors_end = .
 SORT(*)(.ctors)
 SORT(*)(.dtors)
 *(.init0)
 .init0         0x000000000000008c        0x0 /home/kds/avr8/bin/../lib/gcc/avr/7.3.0/../../../../avr/lib/avr51/crtatmega128a.o
                0x000000000000008c                __init
 *(.init0)
 *(.init1)
 *(.init1)
 *(.init2)
 .init2         0x000000000000008c        0xc /home/kds/avr8/bin/../lib/gcc/avr/7.3.0/../../../../avr/lib/avr51/crtatmega128a.o
 *(.init2)
 *(.init3)
 *(.init3)
 *(.init4)
 .init4         0x0000000000000098       0x1a /home/kds/avr8/bin/../lib/gcc/avr/7.3.0/avr51/libgcc.a(_copy_data.o)
                0x0000000000000098                __do_copy_data
 .init4         0x00000000000000b2       0x10 /home/kds/avr8/bin/../lib/gcc/avr/7.3.0/avr51/libgcc.a(_clear_bss.o)
                0x00000000000000b2                __do_clear_bss
 *(.init4)
 *(.init5)
 *(.init5)
 *(.init6)
 *(.init6)
 *(.init7)
 *(.init7)
 *(.init8)
 *(.init8)
 *(.init9)
 .init9         0x00000000000000c2        0x8 /home/kds/avr8/bin/../lib/gcc/avr/7.3.0/../../../../avr/lib/avr51/crtatmega128a.o
 *(.init9)
 *(.text)
 .text          0x00000000000000ca        0x4 /home/kds/avr8/bin/../lib/gcc/avr/7.3.0/../../../../avr/lib/avr51/crtatmega128a.o
                0x00000000000000ca                __vector_22
                0x00000000000000ca                __vector_28
                0x00000000000000ca                __vector_1
                0x00000000000000ca                __vector_32
                0x00000000000000ca                __vector_34
                0x00000000000000ca                __vector_24
                0x00000000000000ca                __vector_12
                0x00000000000000ca                __bad_interrupt
                0x00000000000000ca                __vector_6
                0x00000000000000ca                __vector_31
                0x00000000000000ca                __vector_3
                0x00000000000000ca                __vector_23
                0x00000000000000ca                __vector_25
                0x00000000000000ca                __vector_11
                0x00000000000000ca                __vector_13
                0x00000000000000ca                __vector_17
                0x00000000000000ca                __vector_19
                0x00000000000000ca                __vector_7
                0x00000000000000ca                __vector_27
                0x00000000000000ca                __vector_5
                0x00000000000000ca                __vector_33
                0x00000000000000ca                __vector_4
                0x00000000000000ca                __vector_9
                0x00000000000000ca                __vector_2
                0x00000000000000ca                __vector_21
                0x00000000000000ca                __vector_15
                0x00000000000000ca                __vector_29
                0x00000000000000ca                __vector_8
                0x00000000000000ca                __vector_26
                0x00000000000000ca                __vector_14
                0x00000000000000ca                __vector_10
                0x00000000000000ca                __vector_16
                0x00000000000000ca                __vector_20
 .text          0x00000000000000ce      0x240 /tmp/cciAIhah.ltrans0.ltrans.o
                0x00000000000001a6                __vector_30
                0x0000000000000258                __vector_18
                0x000000000000030e                . = ALIGN (0x2)
 *(.text.*)
 .text.startup  0x000000000000030e      0x114 /tmp/cciAIhah.ltrans0.ltrans.o
                0x000000000000030e                main
 .text.avr-libc
                0x0000000000000422       0x60 /home/kds/avr8/bin/../lib/gcc/avr/7.3.0/../../../../avr/lib/avr51/libc.a(sprintf.o)
                0x0000000000000422                sprintf
 .text.avr-libc
                0x0000000000000482      0x406 /home/kds/avr8/bin/../lib/gcc/avr/7.3.0/../../../../avr/lib/avr51/libc.a(vfprintf_std.o)
                0x0000000000000482                vfprintf
 .text.avr-libc
                0x0000000000000888       0x16 /home/kds/avr8/bin/../lib/gcc/avr/7.3.0/../../../../avr/lib/avr51/libc.a(strnlen_P.o)
                0x0000000000000888                strnlen_P
 .text.avr-libc
                0x000000000000089e       0x16 /home/kds/avr8/bin/../lib/gcc/avr/7.3.0/../../../../avr/lib/avr51/libc.a(strnlen.o)
                0x000000000000089e                strnlen
 .text.avr-libc
                0x00000000000008b4       0x60 /home/kds/avr8/bin/../lib/gcc/avr/7.3.0/../../../../avr/lib/avr51/libc.a(fputc.o)
                0x00000000000008b4                fputc
 .text.avr-libc
                0x0000000000000914       0xbc /home/kds/avr8/bin/../lib/gcc/avr/7.3.0/../../../../avr/lib/avr51/libc.a(ultoa_invert.o)
                0x0000000000000914                __ultoa_invert
                0x00000000000009d0                . = ALIGN (0x2)
 *(.fini9)
 .fini9         0x00000000000009d0        0x0 /home/kds/avr8/bin/../lib/gcc/avr/7.3.0/avr51/libgcc.a(_exit.o)
                0x00000000000009d0                exit
                0x00000000000009d0                _exit
 *(.fini9)
 *(.fini8)
 *(.fini8)
 *(.fini7)
 *(.fini7)
 *(.fini6)
 *(.fini6)
 *(.fini5)
 *(.fini5)
 *(.fini4)
 *(.fini4)
 *(.fini3)
 *(.fini3)
 *(.fini2)
 *(.fini2)
 *(.fini1)
 *(.fini1)
 *(.fini0)
 .fini0         0x00000000000009d0        0x4 /home/kds/avr8/bin/../lib/gcc/avr/7.3.0/avr51/libgcc.a(_exit.o)
 *(.fini0)
                0x00000000000009d4                _etext = .

.data           0x0000000000800100       0x3e load address 0x00000000000009d4
                0x0000000000800100                PROVIDE (__data_start, .)
 *(.data)
 *(.data*)
 *(.gnu.linkonce.d*)
 *(.rodata)
 *(.rodata*)
 .rodata.str1.1
                0x0000000000800100       0x3e /tmp/cciAIhah.ltrans0.ltrans.o
                                         0x41 (size before relaxing)
 *(.gnu.linkonce.r*)
                0x000000000080013e                . = ALIGN (0x2)
                0x000000000080013e                _edata = .
                0x000000000080013e                PROVIDE (__data_end, .)

.bss            0x000000000080013e       0x98
                0x000000000080013e                PROVIDE (__bss_start, .)
 *(.bss)
 .bss           0x000000000080013e       0x98 /tmp/cciAIhah.ltrans0.ltrans.o
 *(.bss*)
 *(COMMON)
                0x00000000008001d6                PROVIDE (__bss_end, .)
                0x00000000000009d4                __data_load_start = LOADADDR (.data)
                0x0000000000000a12                __data_load_end = (__data_load_start + SIZEOF (.data))

.noinit         0x00000000008001d6        0x0
                [!provide]                        PROVIDE (__noinit_start, .)
 *(.noinit*)
                [!provide]                        PROVIDE (__noinit_end, .)
                0x00000000008001d6                _end = .
                [!provide]                        PROVIDE (__heap_start, .)

.eeprom         0x0000000000810000        0x0
 *(.eeprom*)
                0x0000000000810000                __eeprom_end = .

.fuse
 *(.fuse)
 *(.lfuse)
 *(.hfuse)
 *(.efuse)

.lock
 *(.lock*)

.signature
 *(.signature*)

.user_signatures
 *(.user_signatures*)

.stab
 *(.stab)

.stabstr
 *(.stabstr)

.stab.excl
 *(.stab.excl)

.stab.exclstr
 *(.stab.exclstr)

.stab.index
 *(.stab.index)

.stab.indexstr
 *(.stab.indexstr)

.comment        0x0000000000000000       0x5c
 *(.comment)
 .comment       0x0000000000000000       0x30 /tmp/cciAIhah.ltrans0.ltrans.o
                                         0x31 (size before relaxing)
 .comment       0x0000000000000030       0x2c /home/kds/avr8/bin/../lib/gcc/avr/7.3.0/../../../../avr/lib/avr51/libc.a(sprintf.o)
                                         0x2d (size before relaxing)
 .comment       0x000000000000005c       0x2d /home/kds/avr8/bin/../lib/gcc/avr/7.3.0/../../../../avr/lib/avr51/libc.a(vfprintf_std.o)
 .comment       0x000000000000005c       0x2d /home/kds/avr8/bin/../lib/gcc/avr/7.3.0/../../../../avr/lib/avr51/libc.a(fputc.o)

.note.gnu.avr.deviceinfo
                0x0000000000000000       0x40
 .note.gnu.avr.deviceinfo
                0x0000000000000000       0x40 /home/kds/avr8/bin/../lib/gcc/avr/7.3.0/../../../../avr/lib/avr51/crtatmega128a.o

.note.gnu.build-id
 *(.note.gnu.build-id)

.debug
 *(.debug)

.line
 *(.line)

.debug_srcinfo
 *(.debug_srcinfo)

.debug_sfnames
 *(.debug_sfnames)

.debug_aranges  0x0000000000000000       0x28
 *(.debug_aranges)
 .debug_aranges
                0x0000000000000000       0x28 /tmp/cciAIhah.ltrans0.ltrans.o

.debug_pubnames
 *(.debug_pubnames)

.debug_info     0x0000000000000000     0x107d
 *(.debug_info .gnu.linkonce.wi.*)
 .debug_info    0x0000000000000000      0x780 /home/kds/avr8/bin/../lib/gcc/avr/7.3.0/../../../../avr/lib/avr51/crtatmega128a.o
 .debug_info    0x0000000000000780      0x8fd /tmp/cciAIhah.ltrans0.ltrans.o

.debug_abbrev   0x0000000000000000      0x9cc
 *(.debug_abbrev)
 .debug_abbrev  0x0000000000000000      0x718 /home/kds/avr8/bin/../lib/gcc/avr/7.3.0/../../../../avr/lib/avr51/crtatmega128a.o
 .debug_abbrev  0x0000000000000718      0x2b4 /tmp/cciAIhah.ltrans0.ltrans.o

.debug_line     0x0000000000000000      0x3e2
 *(.debug_line .debug_line.* .debug_line_end)
 .debug_line    0x0000000000000000       0x1a /home/kds/avr8/bin/../lib/gcc/avr/7.3.0/../../../../avr/lib/avr51/crtatmega128a.o
 .debug_line    0x000000000000001a      0x3c8 /tmp/cciAIhah.ltrans0.ltrans.o

.debug_frame    0x0000000000000000      0x160
 *(.debug_frame)
 .debug_frame   0x0000000000000000      0x160 /tmp/cciAIhah.ltrans0.ltrans.o

.debug_str      0x0000000000000000      0x563
 *(.debug_str)
 .debug_str     0x0000000000000000      0x27d /home/kds/avr8/bin/../lib/gcc/avr/7.3.0/../../../../avr/lib/avr51/crtatmega128a.o
 .debug_str     0x000000000000027d      0x2e6 /tmp/cciAIhah.ltrans0.ltrans.o
                                        0x2ff (size before relaxing)

.debug_loc      0x0000000000000000      0x6cf
 *(.debug_loc)
 .debug_loc     0x0000000000000000      0x6cf /tmp/cciAIhah.ltrans0.ltrans.o

.debug_macinfo
 *(.debug_macinfo)

.debug_weaknames
 *(.debug_weaknames)

.debug_funcnames
 *(.debug_funcnames)

.debug_typenames
 *(.debug_typenames)

.debug_varnames
 *(.debug_varnames)

.debug_pubtypes
 *(.debug_pubtypes)

.debug_ranges   0x0000000000000000       0x88
 *(.debug_ranges)
 .debug_ranges  0x0000000000000000       0x88 /tmp/cciAIhah.ltrans0.ltrans.o

.debug_macro
 *(.debug_macro)
OUTPUT(atmega128a.elf elf32-avr)
LOAD linker stubs

Cross Reference Table

Symbol                                            File
Button_getState                                   CMakeFiles/atmega128a.elf.dir/src/driver/button.c.obj (symbol from plugin)
Button_init                                       CMakeFiles/atmega128a.elf.dir/src/driver/button.c.obj (symbol from plugin)
I2C_Init                                          CMakeFiles/atmega128a.elf.dir/src/driver/i2c.c.obj (symbol from plugin)
                                                  CMakeFiles/atmega128a.elf.dir/src/driver/i2c_lcd.c.obj (symbol from plugin)
I2C_LCD_Data                                      CMakeFiles/atmega128a.elf.dir/src/driver/i2c_lcd.c.obj (symbol from plugin)
I2C_Start                                         CMakeFiles/atmega128a.elf.dir/src/driver/i2c.c.obj (symbol from plugin)
I2C_Stop                                          CMakeFiles/atmega128a.elf.dir/src/driver/i2c.c.obj (symbol from plugin)
I2C_TxByte                                        CMakeFiles/atmega128a.elf.dir/src/driver/i2c.c.obj (symbol from plugin)
                                                  CMakeFiles/atmega128a.elf.dir/src/driver/i2c_lcd.c.obj (symbol from plugin)
I2C_TxData                                        CMakeFiles/atmega128a.elf.dir/src/driver/i2c.c.obj (symbol from plugin)
LCD_BackLightOn                                   CMakeFiles/atmega128a.elf.dir/src/driver/i2c_lcd.c.obj (symbol from plugin)
LCD_Data4bit                                      CMakeFiles/atmega128a.elf.dir/src/driver/i2c_lcd.c.obj (symbol from plugin)
LCD_EnablePin                                     CMakeFiles/atmega128a.elf.dir/src/driver/i2c_lcd.c.obj (symbol from plugin)
LCD_GotoXY                                        CMakeFiles/atmega128a.elf.dir/src/driver/i2c_lcd.c.obj (symbol from plugin)
LCD_Init                                          CMakeFiles/atmega128a.elf.dir/src/driver/i2c_lcd.c.obj (symbol from plugin)
                                                  CMakeFiles/atmega128a.elf.dir/src/ap.c.obj (symbol from plugin)
LCD_WriteCommand                                  CMakeFiles/atmega128a.elf.dir/src/driver/i2c_lcd.c.obj (symbol from plugin)
LCD_WriteData                                     CMakeFiles/atmega128a.elf.dir/src/driver/i2c_lcd.c.obj (symbol from plugin)
LCD_WriteString                                   CMakeFiles/atmega128a.elf.dir/src/driver/i2c_lcd.c.obj (symbol from plugin)
LCD_WriteStringXY                                 CMakeFiles/atmega128a.elf.dir/src/driver/i2c_lcd.c.obj (symbol from plugin)
                                                  CMakeFiles/atmega128a.elf.dir/src/ap.c.obj (symbol from plugin)
UART0_init                                        CMakeFiles/atmega128a.elf.dir/src/driver/uart0.c.obj (symbol from plugin)
UART0_transmit                                    CMakeFiles/atmega128a.elf.dir/src/driver/uart0.c.obj (symbol from plugin)
UART0_transmit_string                             CMakeFiles/atmega128a.elf.dir/src/driver/uart0.c.obj (symbol from plugin)
UART1_init                                        CMakeFiles/atmega128a.elf.dir/src/driver/uart0.c.obj (symbol from plugin)
UART1_transmit                                    CMakeFiles/atmega128a.elf.dir/src/driver/uart0.c.obj (symbol from plugin)
UART1_transmit_string                             CMakeFiles/atmega128a.elf.dir/src/driver/uart0.c.obj (symbol from plugin)
__DATA_REGION_LENGTH__                            /home/kds/avr8/bin/../lib/gcc/avr/7.3.0/../../../../avr/lib/avr51/crtatmega128a.o
__DATA_REGION_ORIGIN__                            /home/kds/avr8/bin/../lib/gcc/avr/7.3.0/../../../../avr/lib/avr51/crtatmega128a.o
__EEPROM_REGION_LENGTH__                          /home/kds/avr8/bin/../lib/gcc/avr/7.3.0/../../../../avr/lib/avr51/crtatmega128a.o
__FUSE_REGION_LENGTH__                            /home/kds/avr8/bin/../lib/gcc/avr/7.3.0/../../../../avr/lib/avr51/crtatmega128a.o
__TEXT_REGION_LENGTH__                            /home/kds/avr8/bin/../lib/gcc/avr/7.3.0/../../../../avr/lib/avr51/crtatmega128a.o
__TEXT_REGION_ORIGIN__                            /home/kds/avr8/bin/../lib/gcc/avr/7.3.0/../../../../avr/lib/avr51/crtatmega128a.o
__bad_interrupt                                   /home/kds/avr8/bin/../lib/gcc/avr/7.3.0/../../../../avr/lib/avr51/crtatmega128a.o
__bss_end                                         /home/kds/avr8/bin/../lib/gcc/avr/7.3.0/avr51/libgcc.a(_clear_bss.o)
__bss_start                                       /home/kds/avr8/bin/../lib/gcc/avr/7.3.0/avr51/libgcc.a(_clear_bss.o)
__data_end                                        /home/kds/avr8/bin/../lib/gcc/avr/7.3.0/avr51/libgcc.a(_copy_data.o)
__data_load_start                                 /home/kds/avr8/bin/../lib/gcc/avr/7.3.0/avr51/libgcc.a(_copy_data.o)
__data_start                                      /home/kds/avr8/bin/../lib/gcc/avr/7.3.0/avr51/libgcc.a(_copy_data.o)
__do_clear_bss                                    /home/kds/avr8/bin/../lib/gcc/avr/7.3.0/avr51/libgcc.a(_clear_bss.o)
                                                  /tmp/cciAIhah.ltrans0.ltrans.o
__do_copy_data                                    /home/kds/avr8/bin/../lib/gcc/avr/7.3.0/avr51/libgcc.a(_copy_data.o)
                                                  /tmp/cciAIhah.ltrans0.ltrans.o
__heap_end                                        /home/kds/avr8/bin/../lib/gcc/avr/7.3.0/../../../../avr/lib/avr51/crtatmega128a.o
__init                                            /home/kds/avr8/bin/../lib/gcc/avr/7.3.0/../../../../avr/lib/avr51/crtatmega128a.o
__stack                                           /home/kds/avr8/bin/../lib/gcc/avr/7.3.0/../../../../avr/lib/avr51/crtatmega128a.o
__ultoa_invert                                    /home/kds/avr8/bin/../lib/gcc/avr/7.3.0/../../../../avr/lib/avr51/libc.a(ultoa_invert.o)
                                                  /home/kds/avr8/bin/../lib/gcc/avr/7.3.0/../../../../avr/lib/avr51/libc.a(vfprintf_std.o)
__vector_1                                        /home/kds/avr8/bin/../lib/gcc/avr/7.3.0/../../../../avr/lib/avr51/crtatmega128a.o
__vector_10                                       /home/kds/avr8/bin/../lib/gcc/avr/7.3.0/../../../../avr/lib/avr51/crtatmega128a.o
__vector_11                                       /home/kds/avr8/bin/../lib/gcc/avr/7.3.0/../../../../avr/lib/avr51/crtatmega128a.o
__vector_12                                       /home/kds/avr8/bin/../lib/gcc/avr/7.3.0/../../../../avr/lib/avr51/crtatmega128a.o
__vector_13                                       /home/kds/avr8/bin/../lib/gcc/avr/7.3.0/../../../../avr/lib/avr51/crtatmega128a.o
__vector_14                                       /home/kds/avr8/bin/../lib/gcc/avr/7.3.0/../../../../avr/lib/avr51/crtatmega128a.o
__vector_15                                       /home/kds/avr8/bin/../lib/gcc/avr/7.3.0/../../../../avr/lib/avr51/crtatmega128a.o
__vector_16                                       /home/kds/avr8/bin/../lib/gcc/avr/7.3.0/../../../../avr/lib/avr51/crtatmega128a.o
__vector_17                                       /home/kds/avr8/bin/../lib/gcc/avr/7.3.0/../../../../avr/lib/avr51/crtatmega128a.o
__vector_18                                       /tmp/cciAIhah.ltrans0.ltrans.o
                                                  CMakeFiles/atmega128a.elf.dir/src/driver/uart0.c.obj (symbol from plugin)
                                                  /home/kds/avr8/bin/../lib/gcc/avr/7.3.0/../../../../avr/lib/avr51/crtatmega128a.o
__vector_19                                       /home/kds/avr8/bin/../lib/gcc/avr/7.3.0/../../../../avr/lib/avr51/crtatmega128a.o
__vector_2                                        /home/kds/avr8/bin/../lib/gcc/avr/7.3.0/../../../../avr/lib/avr51/crtatmega128a.o
__vector_20                                       /home/kds/avr8/bin/../lib/gcc/avr/7.3.0/../../../../avr/lib/avr51/crtatmega128a.o
__vector_21                                       /home/kds/avr8/bin/../lib/gcc/avr/7.3.0/../../../../avr/lib/avr51/crtatmega128a.o
__vector_22                                       /home/kds/avr8/bin/../lib/gcc/avr/7.3.0/../../../../avr/lib/avr51/crtatmega128a.o
__vector_23                                       /home/kds/avr8/bin/../lib/gcc/avr/7.3.0/../../../../avr/lib/avr51/crtatmega128a.o
__vector_24                                       /home/kds/avr8/bin/../lib/gcc/avr/7.3.0/../../../../avr/lib/avr51/crtatmega128a.o
__vector_25                                       /home/kds/avr8/bin/../lib/gcc/avr/7.3.0/../../../../avr/lib/avr51/crtatmega128a.o
__vector_26                                       /home/kds/avr8/bin/../lib/gcc/avr/7.3.0/../../../../avr/lib/avr51/crtatmega128a.o
__vector_27                                       /home/kds/avr8/bin/../lib/gcc/avr/7.3.0/../../../../avr/lib/avr51/crtatmega128a.o
__vector_28                                       /home/kds/avr8/bin/../lib/gcc/avr/7.3.0/../../../../avr/lib/avr51/crtatmega128a.o
__vector_29                                       /home/kds/avr8/bin/../lib/gcc/avr/7.3.0/../../../../avr/lib/avr51/crtatmega128a.o
__vector_3                                        /home/kds/avr8/bin/../lib/gcc/avr/7.3.0/../../../../avr/lib/avr51/crtatmega128a.o
__vector_30                                       /tmp/cciAIhah.ltrans0.ltrans.o
                                                  CMakeFiles/atmega128a.elf.dir/src/driver/uart0.c.obj (symbol from plugin)
                                                  /home/kds/avr8/bin/../lib/gcc/avr/7.3.0/../../../../avr/lib/avr51/crtatmega128a.o
__vector_31                                       /home/kds/avr8/bin/../lib/gcc/avr/7.3.0/../../../../avr/lib/avr51/crtatmega128a.o
__vector_32                                       /home/kds/avr8/bin/../lib/gcc/avr/7.3.0/../../../../avr/lib/avr51/crtatmega128a.o
__vector_33                                       /home/kds/avr8/bin/../lib/gcc/avr/7.3.0/../../../../avr/lib/avr51/crtatmega128a.o
__vector_34                                       /home/kds/avr8/bin/../lib/gcc/avr/7.3.0/../../../../avr/lib/avr51/crtatmega128a.o
__vector_4                                        /home/kds/avr8/bin/../lib/gcc/avr/7.3.0/../../../../avr/lib/avr51/crtatmega128a.o
__vector_5                                        /home/kds/avr8/bin/../lib/gcc/avr/7.3.0/../../../../avr/lib/avr51/crtatmega128a.o
__vector_6                                        /home/kds/avr8/bin/../lib/gcc/avr/7.3.0/../../../../avr/lib/avr51/crtatmega128a.o
__vector_7                                        /home/kds/avr8/bin/../lib/gcc/avr/7.3.0/../../../../avr/lib/avr51/crtatmega128a.o
__vector_8                                        /home/kds/avr8/bin/../lib/gcc/avr/7.3.0/../../../../avr/lib/avr51/crtatmega128a.o
__vector_9                                        /home/kds/avr8/bin/../lib/gcc/avr/7.3.0/../../../../avr/lib/avr51/crtatmega128a.o
__vector_default                                  /home/kds/avr8/bin/../lib/gcc/avr/7.3.0/../../../../avr/lib/avr51/crtatmega128a.o
__vectors                                         /home/kds/avr8/bin/../lib/gcc/avr/7.3.0/../../../../avr/lib/avr51/crtatmega128a.o
_exit                                             /home/kds/avr8/bin/../lib/gcc/avr/7.3.0/avr51/libgcc.a(_exit.o)
apInit                                            CMakeFiles/atmega128a.elf.dir/src/ap.c.obj (symbol from plugin)
                                                  CMakeFiles/atmega128a.elf.dir/main.c.obj (symbol from plugin)
apMain                                            CMakeFiles/atmega128a.elf.dir/src/ap.c.obj (symbol from plugin)
                                                  CMakeFiles/atmega128a.elf.dir/main.c.obj (symbol from plugin)
buff                                              CMakeFiles/atmega128a.elf.dir/src/ap.c.obj (symbol from plugin)
exit                                              /home/kds/avr8/bin/../lib/gcc/avr/7.3.0/avr51/libgcc.a(_exit.o)
                                                  /home/kds/avr8/bin/../lib/gcc/avr/7.3.0/../../../../avr/lib/avr51/crtatmega128a.o
fputc                                             /home/kds/avr8/bin/../lib/gcc/avr/7.3.0/../../../../avr/lib/avr51/libc.a(fputc.o)
                                                  /home/kds/avr8/bin/../lib/gcc/avr/7.3.0/../../../../avr/lib/avr51/libc.a(vfprintf_std.o)
inputBuffer                                       CMakeFiles/atmega128a.elf.dir/src/driver/uart0.c.obj (symbol from plugin)
input_index                                       CMakeFiles/atmega128a.elf.dir/src/driver/uart0.c.obj (symbol from plugin)
ledInit                                           CMakeFiles/atmega128a.elf.dir/src/driver/led.c.obj (symbol from plugin)
ledTog                                            CMakeFiles/atmega128a.elf.dir/src/driver/led.c.obj (symbol from plugin)
ledoff                                            CMakeFiles/atmega128a.elf.dir/src/driver/led.c.obj (symbol from plugin)
ledon                                             CMakeFiles/atmega128a.elf.dir/src/driver/led.c.obj (symbol from plugin)
main                                              /tmp/cciAIhah.ltrans0.ltrans.o
                                                  CMakeFiles/atmega128a.elf.dir/main.c.obj (symbol from plugin)
                                                  /home/kds/avr8/bin/../lib/gcc/avr/7.3.0/../../../../avr/lib/avr51/crtatmega128a.o
pwm16Init                                         CMakeFiles/atmega128a.elf.dir/src/driver/pwm16.c.obj (symbol from plugin)
pwm8Init                                          CMakeFiles/atmega128a.elf.dir/src/driver/pwm8.c.obj (symbol from plugin)
pwm8Run                                           CMakeFiles/atmega128a.elf.dir/src/driver/pwm8.c.obj (symbol from plugin)
sprintf                                           /home/kds/avr8/bin/../lib/gcc/avr/7.3.0/../../../../avr/lib/avr51/libc.a(sprintf.o)
                                                  /tmp/cciAIhah.ltrans0.ltrans.o
strnlen                                           /home/kds/avr8/bin/../lib/gcc/avr/7.3.0/../../../../avr/lib/avr51/libc.a(strnlen.o)
                                                  /home/kds/avr8/bin/../lib/gcc/avr/7.3.0/../../../../avr/lib/avr51/libc.a(vfprintf_std.o)
strnlen_P                                         /home/kds/avr8/bin/../lib/gcc/avr/7.3.0/../../../../avr/lib/avr51/libc.a(strnlen_P.o)
                                                  /home/kds/avr8/bin/../lib/gcc/avr/7.3.0/../../../../avr/lib/avr51/libc.a(vfprintf_std.o)
vfprintf                                          /home/kds/avr8/bin/../lib/gcc/avr/7.3.0/../../../../avr/lib/avr51/libc.a(vfprintf_std.o)
                                                  /home/kds/avr8/bin/../lib/gcc/avr/7.3.0/../../../../avr/lib/avr51/libc.a(sprintf.o)
